[up2client.com/envato/digi-vcard/html/main-file/Education/index.html]
[backblue.gif]
[fade.gif]
[index.html]
[up2client.com/envato/digi-vcard/html/main-file/Education/assets/images/favicon/icon.png]
[up2client.com/envato/digi-vcard/html/main-file/Education/assets/css/all.min.css]
[up2client.com/envato/digi-vcard/html/main-file/Education/assets/css/slick.css]
[up2client.com/envato/digi-vcard/html/main-file/Education/assets/css/bootstrap.min.css]
[up2client.com/envato/digi-vcard/html/main-file/Education/assets/css/cursor.css]
[up2client.com/envato/digi-vcard/html/main-file/Education/assets/css/style.css]
[up2client.com/envato/digi-vcard/html/main-file/Education/assets/css/media-query.css]
[up2client.com/envato/digi-vcard/html/main-file/Education/assets/images/hero-sec/shape.png]
[up2client.com/envato/digi-vcard/html/main-file/Education/assets/images/flag/flag1.png]
[up2client.com/envato/digi-vcard/html/main-file/Education/assets/images/flag/flag2.png]
[up2client.com/envato/digi-vcard/html/main-file/Education/assets/images/flag/flag3.png]
[up2client.com/envato/digi-vcard/html/main-file/Education/assets/images/flag/flag4.png]
[up2client.com/envato/digi-vcard/html/main-file/Education/assets/images/flag/flag5.png]
[up2client.com/envato/digi-vcard/html/main-file/Education/assets/images/flag/flag6.png]
[up2client.com/envato/digi-vcard/html/main-file/Education/assets/images/flag/flag7.png]
[up2client.com/envato/digi-vcard/html/main-file/Education/assets/images/flag/flag8.png]
[up2client.com/envato/digi-vcard/html/main-file/Education/assets/images/flag/flag9.png]
[up2client.com/envato/digi-vcard/html/main-file/Education/assets/images/flag/flag10.png]
[up2client.com/envato/digi-vcard/html/main-file/Education/assets/images/hero-sec/profile.png]
[up2client.com/envato/digi-vcard/html/main-file/Education/assets/images/about/about-us-img.png]
[up2client.com/envato/digi-vcard/html/main-file/Education/assets/images/about/icon1.png]
[up2client.com/envato/digi-vcard/html/main-file/Education/assets/images/about/icon2.png]
[up2client.com/envato/digi-vcard/html/main-file/Education/assets/images/category/category1.png]
[up2client.com/envato/digi-vcard/html/main-file/Education/assets/images/category/category2.png]
[up2client.com/envato/digi-vcard/html/main-file/Education/assets/images/category/category3.png]
[up2client.com/envato/digi-vcard/html/main-file/Education/assets/images/category/category4.png]
[up2client.com/envato/digi-vcard/html/main-file/Education/assets/images/course/course1.png]
[up2client.com/envato/digi-vcard/html/main-file/Education/assets/images/course/course2.png]
[up2client.com/envato/digi-vcard/html/main-file/Education/assets/images/course/course3.png]
[up2client.com/envato/digi-vcard/html/main-file/Education/assets/images/main-img/testimonial1.png]
[up2client.com/envato/digi-vcard/html/main-file/Education/assets/images/main-img/testimonial2.png]
[up2client.com/envato/digi-vcard/html/main-file/Education/assets/images/blog/blog1.png]
[up2client.com/envato/digi-vcard/html/main-file/Education/blog.html]
[up2client.com/envato/digi-vcard/html/main-file/Education/assets/images/main-img/scanner-img.png]
[up2client.com/envato/digi-vcard/html/main-file/Education/assets/js/jquery.min.js]
[up2client.com/envato/digi-vcard/html/main-file/Education/assets/js/slick.min.js]
[up2client.com/envato/digi-vcard/html/main-file/Education/assets/js/bootstrap.bundle.min.js]
[up2client.com/envato/digi-vcard/html/main-file/Education/assets/js/cursor.js]
[up2client.com/envato/digi-vcard/html/main-file/Education/assets/js/custom.js]
[up2client.com/envato/digi-vcard/html/main-file/Education/index.html]
[up2client.com/envato/digi-vcard/html/main-file/Education/assets/webfonts/fa-brands-400.woff2]
[up2client.com/envato/digi-vcard/html/main-file/Education/assets/webfonts/fa-brands-400.ttf]
[up2client.com/envato/digi-vcard/html/main-file/Education/assets/webfonts/fa-regular-400.woff2]
[up2client.com/envato/digi-vcard/html/main-file/Education/assets/webfonts/fa-regular-400.ttf]
[up2client.com/envato/digi-vcard/html/main-file/Education/assets/webfonts/fa-solid-900.woff2]
[up2client.com/envato/digi-vcard/html/main-file/Education/assets/webfonts/fa-solid-900.ttf]
[up2client.com/envato/digi-vcard/html/main-file/Education/assets/webfonts/fa-v4compatibility.woff2]
[up2client.com/envato/digi-vcard/html/main-file/Education/assets/webfonts/fa-v4compatibility.ttf]
[up2client.com/envato/digi-vcard/html/main-file/Education/assets/css/all.min.css]
[up2client.com/envato/digi-vcard/html/main-file/Education/assets/css/slick.css]
[up2client.com/envato/digi-vcard/html/main-file/Education/assets/css/bootstrap.min.css]
[up2client.com/envato/digi-vcard/html/main-file/Education/assets/css/cursor.css]
[up2client.com/envato/digi-vcard/html/main-file/Education/assets/images/main-img/banner-img.png]
[up2client.com/envato/digi-vcard/html/main-file/Education/assets/images/main-img/testimonial-shape.png]
[up2client.com/envato/digi-vcard/html/main-file/Education/assets/css/style.css]
[up2client.com/envato/digi-vcard/html/main-file/Education/assets/css/media-query.css]
[up2client.com/envato/digi-vcard/html/main-file/Education/assets/svg/logo.svg]
[up2client.com/envato/digi-vcard/html/main-file/Education/assets/svg/language-icon.svg]
[up2client.com/envato/digi-vcard/html/main-file/Education/assets/images/social-icon/icon1.svg]
[up2client.com/envato/digi-vcard/html/main-file/Education/assets/images/social-icon/icon2.svg]
[up2client.com/envato/digi-vcard/html/main-file/Education/assets/images/social-icon/icon3.svg]
[up2client.com/envato/digi-vcard/html/main-file/Education/assets/images/social-icon/icon4.svg]
[up2client.com/envato/digi-vcard/html/main-file/Education/assets/images/social-icon/icon5.svg]
[up2client.com/envato/digi-vcard/html/main-file/Education/assets/images/social-icon/icon6.svg]
[up2client.com/envato/digi-vcard/html/main-file/Education/assets/images/social-icon/icon7.svg]
[up2client.com/envato/digi-vcard/html/main-file/Education/assets/images/social-icon/icon8.svg]
[up2client.com/envato/digi-vcard/html/main-file/Education/assets/images/about/icon3.svg]
[up2client.com/envato/digi-vcard/html/main-file/Education/assets/images/about/icon4.svg]
[up2client.com/envato/digi-vcard/html/main-file/Education/assets/svg/star-icon.svg]
[up2client.com/envato/digi-vcard/html/main-file/Education/assets/images/blog/blog2.png]
[up2client.com/envato/digi-vcard/html/main-file/Education/assets/images/blog/blog3.png]
[up2client.com/envato/digi-vcard/html/main-file/Education/assets/images/blog/blog4.png]
[up2client.com/envato/digi-vcard/html/main-file/Education/assets/images/blog/blog5.png]
[up2client.com/envato/digi-vcard/html/main-file/Education/blog.html]
[up2client.com/envato/digi-vcard/html/main-file/Education/assets/images/inquery/person-icon.svg]
[up2client.com/envato/digi-vcard/html/main-file/Education/assets/images/inquery/call-icon.svg]
[up2client.com/envato/digi-vcard/html/main-file/Education/assets/images/inquery/mail-icon.svg]
[up2client.com/envato/digi-vcard/html/main-file/Education/assets/images/contact/mail-icon.svg]
[up2client.com/envato/digi-vcard/html/main-file/Education/assets/images/contact/call-icon.svg]
[up2client.com/envato/digi-vcard/html/main-file/Education/assets/images/contact/office.svg]
[up2client.com/envato/digi-vcard/html/main-file/Education/assets/images/contact/location.svg]
[up2client.com/envato/digi-vcard/html/main-file/Education/assets/images/contact/clock.svg]
[up2client.com/envato/digi-vcard/html/main-file/Education/assets/images/bottom-sec/scan-icon.svg]
[up2client.com/envato/digi-vcard/html/main-file/Education/assets/images/bottom-sec/share-icon.svg]
[up2client.com/envato/digi-vcard/html/main-file/Education/assets/images/bottom-sec/plus-icon.svg]
[up2client.com/envato/digi-vcard/html/main-file/Education/assets/images/social-icon/icon10.svg]
[up2client.com/envato/digi-vcard/html/main-file/Education/assets/images/social-icon/icon9.svg]
[up2client.com/envato/digi-vcard/html/main-file/Education/assets/svg/up-arrow.svg]
